2026-09-09 06:26:22 [WARNING] app: Running on SQLite — row-level locking (with_for_update) is not enforced. SQLite uses a database-wide write lock; concurrent writers will serialise. Move to PostgreSQL for true per-row locking and higher concurrency.
2026-09-09 06:26:22 [INFO] app: ------- SECURITY MODE -------
2026-09-09 06:26:22 [INFO] app:   env                : production
2026-09-09 06:26:22 [INFO] app:   secret_key         : set (>=32 chars)
2026-09-09 06:26:22 [INFO] app:   updater_signing    : ENFORCED
2026-09-09 06:26:22 [INFO] app:   encryption         : available
2026-09-09 06:26:22 [INFO] app:   lan_access         : disabled (127.0.0.1 only)
2026-09-09 06:26:22 [INFO] app:   schema_drift_mode  : warn-only
2026-09-09 06:26:22 [INFO] app: -----------------------------
2026-09-09 06:26:23 [INFO] app: db.create_all() skipped in production. Use Alembic migrations for schema changes. Set DB_AUTO_CREATE=1 to force-enable at next boot.
2026-09-09 06:26:23 [INFO] app: SQLite: ensured table credit_vouchers exists
2026-09-09 06:26:23 [INFO] app: SQLite: ensured table credit_voucher_redemptions exists
2026-09-09 06:26:23 [INFO] apscheduler.scheduler: Scheduler started
2026-09-09 06:26:23 [INFO] apscheduler.scheduler: Added job "setup_backup_scheduler.<locals>._scheduled_backup" to job store "default"
2026-09-09 06:26:23 [INFO] app.backup_manager: Daily backup scheduled at 03:00
2026-09-09 06:26:23 [INFO] apscheduler.scheduler: Added job "flush_notification_queue" to job store "default"
2026-09-09 06:26:23 [INFO] apscheduler.scheduler: Added job "create_app.<locals>._prune_old_logs" to job store "default"
2026-09-09 06:26:23 [INFO] apscheduler.scheduler: Added job "create_app.<locals>._run_predictive_maintenance" to job store "default"
2026-09-09 06:26:23 [INFO] app.gst: GST rate=5.00% source=room_type_override room_type=Deluxe
2026-09-09 06:26:23 [INFO] app.gst: GST rate=5.00% source=room_type_override room_type=Deluxe
2026-09-09 06:26:23 [INFO] app.gst: GST rate=5.00% source=room_type_override room_type=Deluxe
2026-09-09 06:26:23 [INFO] app.gst: GST rate=5.00% source=room_type_override room_type=Deluxe
2026-09-09 06:26:23 [INFO] app.gst: GST rate=5.00% source=room_type_override room_type=Deluxe
2026-09-09 06:26:23 [INFO] app.gst: GST rate=5.00% source=room_type_override room_type=Deluxe
2026-09-09 06:26:23 [INFO] app.gst: GST rate=5.00% source=room_type_override room_type=Deluxe
2026-09-09 06:26:23 [INFO] app.gst: GST rate=5.00% source=room_type_override room_type=Deluxe
2026-09-09 06:26:23 [INFO] app.gst: GST rate=5.00% source=room_type_override room_type=Deluxe
2026-09-09 06:26:23 [INFO] app.gst: GST rate=5.00% source=room_type_override room_type=Deluxe
2026-09-09 06:26:23 [INFO] app.gst: GST rate=5.00% source=room_type_override room_type=Deluxe
2026-09-09 06:26:23 [INFO] app.gst: GST rate=5.00% source=room_type_override room_type=Deluxe
2026-09-09 06:26:23 [INFO] app.gst: GST rate=5.00% source=room_type_override room_type=Deluxe
2026-09-09 06:26:23 [INFO] app.gst: GST rate=5.00% source=room_type_override room_type=Deluxe
2026-09-09 06:26:23 [INFO] app.gst: GST rate=5.00% source=room_type_override room_type=Deluxe
2026-09-09 06:26:23 [INFO] app.gst: GST rate=5.00% source=room_type_override room_type=Deluxe
2026-09-09 06:26:23 [INFO] app.gst: GST rate=5.00% source=room_type_override room_type=Deluxe
2026-09-09 06:26:23 [INFO] app.gst: GST rate=5.00% source=room_type_override room_type=Deluxe
2026-09-09 06:26:23 [INFO] app.gst: GST rate=5.00% source=room_type_override room_type=Deluxe
2026-09-09 06:26:23 [INFO] app.gst: GST rate=5.00% source=room_type_override room_type=Deluxe
2026-09-09 06:26:23 [INFO] app.gst: GST rate=5.00% source=room_type_override room_type=Deluxe
2026-09-09 06:26:23 [INFO] app.gst: GST rate=5.00% source=room_type_override room_type=Deluxe
2026-09-09 06:26:23 [INFO] app.gst: GST rate=5.00% source=room_type_override room_type=Deluxe
2026-09-09 06:26:23 [INFO] app.gst: GST rate=5.00% source=room_type_override room_type=Deluxe
2026-09-09 06:26:23 [INFO] apscheduler.scheduler: Scheduler has been shut down

====================================================================================================
FINALGRID — HISTORICAL REPLAY VERIFICATION
Production Verification Framework, Wave 0 Deliverable 3
====================================================================================================
Stored replay     : production
Stored captured   : 2026-08-31T04:35:44 (app v2.2.18)
Current run       : 2026-09-09T00:56:22 (app v2.2.18)
Business date     : 2026-08-10 -> 2026-08-10
Read-only         : VERIFIED

Dates compared    : 10
Dates clean       : 10
Differences       : 0
Blocking          : 0

VERDICT           : PASS

  No differences. Every replayed date reconstructs exactly as it
  did when the stored replay was taken.

====================================================================================================
END OF REPORT
====================================================================================================

[replay] evidence pack: C:\Users\SIPL Server\Downloads\DSS\FinalGrid\SukoonPMS\verification\evidence\20260909_005622_replay_verify_production
