2026-10-02 18:30:13 [WARNING] app: Running on SQLite — row-level locking (with_for_update) is not enforced. SQLite uses a database-wide write lock; concurrent writers will serialise. Move to PostgreSQL for true per-row locking and higher concurrency.
2026-10-02 18:30:13 [INFO] app: ------- SECURITY MODE -------
2026-10-02 18:30:13 [INFO] app:   env                : production
2026-10-02 18:30:13 [INFO] app:   secret_key         : set (>=32 chars)
2026-10-02 18:30:13 [INFO] app:   updater_signing    : ENFORCED
2026-10-02 18:30:13 [INFO] app:   encryption         : available
2026-10-02 18:30:13 [INFO] app:   lan_access         : disabled (127.0.0.1 only)
2026-10-02 18:30:13 [INFO] app:   schema_drift_mode  : warn-only
2026-10-02 18:30:13 [INFO] app: -----------------------------
2026-10-02 18:30:13 [INFO] app: db.create_all() skipped in production. Use Alembic migrations for schema changes. Set DB_AUTO_CREATE=1 to force-enable at next boot.
2026-10-02 18:30:13 [INFO] app: SQLite: ensured table credit_vouchers exists
2026-10-02 18:30:13 [INFO] app: SQLite: ensured table credit_voucher_redemptions exists
2026-10-02 18:30:13 [INFO] apscheduler.scheduler: Scheduler started
2026-10-02 18:30:13 [INFO] apscheduler.scheduler: Added job "setup_backup_scheduler.<locals>._scheduled_backup" to job store "default"
2026-10-02 18:30:13 [INFO] app.backup_manager: Daily backup scheduled at 03:00
2026-10-02 18:30:13 [INFO] apscheduler.scheduler: Added job "flush_notification_queue" to job store "default"
2026-10-02 18:30:13 [INFO] apscheduler.scheduler: Added job "create_app.<locals>._prune_old_logs" to job store "default"
2026-10-02 18:30:13 [INFO] apscheduler.scheduler: Added job "create_app.<locals>._run_predictive_maintenance" to job store "default"
2026-10-02 18:30:13 [INFO] app.gst: GST rate=5.00% source=room_type_override room_type=Deluxe
[k7-legacy] app + verification from C:\wk7base ; source (read-only) C:\Users\SIPL Server\Downloads\DSS\FinalGrid\SukoonPMS\instance\pms.db ; live .env NOT loaded
[k7-legacy] undeclared no-operator calls run as SYSTEM 'verification:verify_writers'
==================================================================================================================================
PHASE 1 VERIFICATION COMPLETION - RUNTIME WRITER VERIFICATION - SET B
==================================================================================================================================
production        : C:\Users\SIPL Server\Downloads\DSS\FinalGrid\SukoonPMS\instance\pms.db
sha256 before     : 21dc0e970caf261fd38e1ccc9f8d4ca8c88a07ff8161cf22d63465203953e434  (*** MISMATCH ***)
disposable copy   : C:\wk7base\verification\_work\p1vc_setB.db  (sqlite-backup-api)
----------------------------------------------------------------------------------------------------------------------------------
D11 population    : payments=[1, 2, 3, 4, 5, 6] charges=[1, 2] audit_logs=26
business date     : 2026-08-10   vacant rooms: 36   admin user id: 2
----------------------------------------------------------------------------------------------------------------------------------
W-09 post_payment_correction (replacement) via POST /payment/<id>/void with correction amount
OK    W-09-00   W-09    fixture payment sits on an audit-locked date         expect=True                     got=True                     
   add-payment HTTP 200; void HTTP 302; payments=[{'id': 7, 'folio_id': 5, 'amount': 300.0, 'purpose': 'settlement', 'charge_type': None, 'description': None, 'is_reversal': False, 'mode': 1, 'date': '2026-08-09'}, {'id': 8, 'folio_id': 5, 'amount': 300.0, 'purpose': None, 'charge_type': None, 'description': None, 'is_reversal': True, 'mode': 1, 'date': '2026-10-02'}, {'id': 9, 'folio_id': 5, 'amount': 250.0, 'purpose': None, 'charge_type': None, 'description': None, 'is_reversal': False, 'mode': 1, 'date': '2026-10-02'}]
OK    W-08-01   W-08    Payment row created (reversal, re-observed)          expect=True                     got=True                     
OK    W-08-02   W-08    folio_id non-null                                    expect=True                     got=True                     
OK    W-08-03   W-08    folio_id == reservation billing folio A              expect=5                        got=5                        
OK    W-08-04   W-08    folio belongs to this reservation, letter A          expect=(5, 'A')                 got=(5, 'A')                 
OK    W-08-05   W-08    audit row exists for this financial row              expect=True                     got=True                     caller-supplied _write_audit (never raises)
OK    W-08-06   W-08    audit carries the financial identity                 expect=300.0                    got=300.0                    action=payment_reversed keys=['by_user_id', 'folio_id', 'reason', 'reversal_amount', 'reversal_payment_id']
NOTE  W-08-07   W-08    audit coupling class vs Q-5 (A-STRICT expected)      expect='A-STRICT'               got='A-NF-caller'            audit via caller-supplied _write_audit (route void_payment); inherits folio (R-3)
OK    W-09-01   W-09    Payment row created                                  expect=True                     got=True                     
OK    W-09-02   W-09    folio_id non-null                                    expect=True                     got=True                     
OK    W-09-03   W-09    folio_id == reservation billing folio A              expect=5                        got=5                        
OK    W-09-04   W-09    folio belongs to this reservation, letter A          expect=(5, 'A')                 got=(5, 'A')                 
OK    W-09-05   W-09    audit row exists for this financial row              expect=True                     got=True                     caller-supplied _write_audit (never raises)
OK    W-09-06   W-09    audit carries the financial identity                 expect=250.0                    got=250.0                    action=payment_corrected keys=['by_user_id', 'folio_id', 'reason', 'replacement_amount', 'replacement_mode_id', 'replacement_payment_id']
NOTE  W-09-07   W-09    audit coupling class vs Q-5 (A-STRICT expected)      expect='A-STRICT'               got='A-NF-caller'            audit via caller-supplied _write_audit; service swallows audit exceptions
OK    W-09-08   W-09    replacement inherits the original folio (R-3)        expect=5                        got=5                        
----------------------------------------------------------------------------------------------------------------------------------
W-10 post_cancellation_disposition (refund_full) - service with the cancel route audit writer
   new_reservation HTTP 302; reservation=6; payments=[{'id': 10, 'folio_id': 6, 'amount': 300.0, 'purpose': 'advance', 'charge_type': None, 'description': None, 'is_reversal': False, 'mode': 1, 'date': '2026-08-10'}, {'id': 11, 'folio_id': 6, 'amount': 300.0, 'purpose': 'refund', 'charge_type': None, 'description': None, 'is_reversal': True, 'mode': 1, 'date': '2026-10-02'}]
OK    W-10-01   W-10    Payment row created                                  expect=True                     got=True                     
OK    W-10-02   W-10    folio_id non-null                                    expect=True                     got=True                     
OK    W-10-03   W-10    folio_id == reservation billing folio A              expect=6                        got=6                        
OK    W-10-04   W-10    folio belongs to this reservation, letter A          expect=(6, 'A')                 got=(6, 'A')                 
OK    W-10-05   W-10    audit row exists for this financial row              expect=True                     got=True                     caller-supplied _write_audit (never raises)
OK    W-10-06   W-10    audit carries the financial identity                 expect=300.0                    got=300.0                    action=cancellation_refund keys=['by_user_id', 'folio_id', 'reason', 'refund_amount', 'refund_mode_id']
NOTE  W-10-07   W-10    audit coupling class vs Q-5 (A-STRICT expected)      expect='A-STRICT'               got='A-NF-caller'            audit via caller-supplied _write_audit (cancel route); service swallows audit exceptions
OK    W-10-08   W-10    refund row is a reversal with purpose refund         expect=(True, 'refund')         got=(True, 'refund')         
----------------------------------------------------------------------------------------------------------------------------------
W-11 redeem_credit_voucher via POST /api/voucher/<id>/redeem
   HTTP 200 {'amount_applied': 200.0, 'payment_id': 12, 'redemption_id': 1, 'remaining': 300.0, 'status': 'activ payments=[{'id': 12, 'folio_id': 7, 'amount': 200.0, 'purpose': 'settlement', 'charge_type': None, 'description': None, 'is_reversal': False, 'mode': 1, 'date': '2026-10-02'}]
OK    W-11-01   W-11    Payment row created                                  expect=True                     got=True                     
OK    W-11-02   W-11    folio_id non-null                                    expect=True                     got=True                     
OK    W-11-03   W-11    folio_id == reservation billing folio A              expect=7                        got=7                        
OK    W-11-04   W-11    folio belongs to this reservation, letter A          expect=(7, 'A')                 got=(7, 'A')                 
OK    W-11-05   W-11    audit row exists (CreditVoucher level)               expect=True                     got=True                     actions=['voucher_used']
OK    W-11-06   W-11    audit carries the financial identity                 expect=True                     got=True                     after_state={"redemption_id": 1, "amount": 200.0, "reservation_id": 7, "payment_id": 12, "re
NOTE  W-11-07   W-11    audit coupling class vs Q-5 (A-STRICT expected)      expect='A-STRICT'               got='A-NF-entity'            audit is voucher-level (voucher_used) via caller _write_audit; no Payment-level audit
----------------------------------------------------------------------------------------------------------------------------------
W-22 / W-23 post_extra_charge_correction - service (no route caller exists)
   original=3 reversal=4 replacement=5 charges=[{'id': 3, 'folio_id': 8, 'amount': 300.0, 'purpose': None, 'charge_type': 'late_checkout', 'description': 'Late Check-out — 02:00 PM - 30%', 'is_reversal': False, 'mode': None, 'date': '2026-08-10'}, {'id': 4, 'folio_id': 8, 'amount': 300.0, 'purpose': None, 'charge_type': 'late_checkout', 'description': '[REVERSAL] Late Check-out — 02:00 PM - 30%', 'is_reversal': True, 'mode': None, 'date': '2026-10-02'}, {'id': 5, 'folio_id': 8, 'amount': 150.0, 'purpose': None, 'charge_type': 'late_checkout', 'description': 'Late Check-out — 02:00 PM - 30%', 'is_reversal': False, 'mode': None, 'date': '2026-10-02'}]
OK    W-22-01   W-22    ExtraCharge row created                              expect=True                     got=True                     
OK    W-22-02   W-22    folio_id non-null                                    expect=True                     got=True                     
OK    W-22-03   W-22    folio_id == reservation billing folio A              expect=8                        got=8                        
OK    W-22-04   W-22    folio belongs to this reservation, letter A          expect=(8, 'A')                 got=(8, 'A')                 
OK    W-22-05   W-22    audit row exists for this financial row              expect=True                     got=True                     caller-supplied _write_audit (never raises)
OK    W-22-06   W-22    audit carries the financial identity                 expect=300.0                    got=300.0                    action=charge_reversed keys=['by_user_id', 'folio_id', 'reason', 'reversal_amount', 'reversal_charge_id']
NOTE  W-22-07   W-22    audit coupling class vs Q-5 (A-STRICT expected)      expect='A-STRICT'               got='A-NF-caller'            caller-supplied audit_writer; no route caller exists in app/
OK    W-23-01   W-23    ExtraCharge row created                              expect=True                     got=True                     
OK    W-23-02   W-23    folio_id non-null                                    expect=True                     got=True                     
OK    W-23-03   W-23    folio_id == reservation billing folio A              expect=8                        got=8                        
OK    W-23-04   W-23    folio belongs to this reservation, letter A          expect=(8, 'A')                 got=(8, 'A')                 
OK    W-23-05   W-23    audit row exists for this financial row              expect=True                     got=True                     caller-supplied _write_audit (never raises)
OK    W-23-06   W-23    audit carries the financial identity                 expect=150.0                    got=150.0                    action=charge_corrected keys=['by_user_id', 'folio_id', 'reason', 'replacement_amount', 'replacement_charge_id', 'replacement_desc']
NOTE  W-23-07   W-23    audit coupling class vs Q-5 (A-STRICT expected)      expect='A-STRICT'               got='A-NF-caller'            caller-supplied audit_writer; no route caller exists in app/
OK    W-22-08   W-22    reversal inherits the original folio (R-3)           expect=8                        got=8                        
OK    W-23-08   W-23    replacement inherits the original folio (R-3)        expect=8                        got=8                        
----------------------------------------------------------------------------------------------------------------------------------
D11 FREEZE AND PRODUCTION INTEGRITY
OK    D11-01    D11     NULL-folio payment id set unchanged                  expect=[1, 2, 3, 4, 5, 6]       got=[1, 2, 3, 4, 5, 6]       
OK    D11-02    D11     NULL-folio charge id set unchanged                   expect=[1, 2]                   got=[1, 2]                   
OK    D11-03    D11     D11 payment amounts unchanged                        expect={1: 800.0, 2: 400.0, 3:  got={1: 800.0, 2: 400.0, 3:  
OK    D11-04    D11     D11 charge amounts unchanged                         expect={1: 380.95, 2: 95.24}    got={1: 380.95, 2: 95.24}    
OK    NEW-01    ALL     no NEW unattributed row on the copy                  expect=([], [])                 got=([], [])                 12 payments / 5 charges on copy
OK    PROD-01   PROD    production database unchanged                        expect='21dc0e970caf261fd38e1cc got='21dc0e970caf261fd38e1cc 
OK    PROD-02   PROD    production size 733,184 B                            expect=733184                   got=733184                   
----------------------------------------------------------------------------------------------------------------------------------
RESULT SET B: 48 / 48 gate checks passed; 6 findings recorded (non-gating)
==================================================================================================================================
writers_setB.json written
2026-10-02 18:30:13 [INFO] apscheduler.scheduler: Scheduler has been shut down
