2026-09-30 10:54:29 [WARNING] app: Running on SQLite — row-level locking (with_for_update) is not enforced. SQLite uses a database-wide write lock; concurrent writers will serialise. Move to PostgreSQL for true per-row locking and higher concurrency.
2026-09-30 10:54:29 [INFO] app: ------- SECURITY MODE -------
2026-09-30 10:54:29 [INFO] app:   env                : production
2026-09-30 10:54:29 [INFO] app:   secret_key         : set (>=32 chars)
2026-09-30 10:54:29 [INFO] app:   updater_signing    : ENFORCED
2026-09-30 10:54:29 [INFO] app:   encryption         : available
2026-09-30 10:54:29 [INFO] app:   lan_access         : disabled (127.0.0.1 only)
2026-09-30 10:54:29 [INFO] app:   schema_drift_mode  : warn-only
2026-09-30 10:54:29 [INFO] app: -----------------------------
2026-09-30 10:54:29 [INFO] app: db.create_all() skipped in production. Use Alembic migrations for schema changes. Set DB_AUTO_CREATE=1 to force-enable at next boot.
2026-09-30 10:54:29 [INFO] app: Migration 10.0.0 applied: ADR011-SA: audit_logs actor kind / mechanism / role / shift; staff_user_id nullable for SYSTEM rows; no users.id 0 (23 rows carried over, digest 1cf41807b7639e55)
2026-09-30 10:54:29 [INFO] app: SQLite: ensured table credit_vouchers exists
2026-09-30 10:54:29 [INFO] app: SQLite: ensured table credit_voucher_redemptions exists
2026-09-30 10:54:29 [INFO] apscheduler.scheduler: Scheduler started
2026-09-30 10:54:29 [INFO] apscheduler.scheduler: Added job "setup_backup_scheduler.<locals>._scheduled_backup" to job store "default"
2026-09-30 10:54:29 [INFO] app.backup_manager: Daily backup scheduled at 03:00
2026-09-30 10:54:29 [INFO] apscheduler.scheduler: Added job "flush_notification_queue" to job store "default"
2026-09-30 10:54:29 [INFO] apscheduler.scheduler: Added job "create_app.<locals>._prune_old_logs" to job store "default"
2026-09-30 10:54:29 [INFO] apscheduler.scheduler: Added job "create_app.<locals>._run_predictive_maintenance" to job store "default"
2026-09-30 10:54:29 [WARNING] app.ai_anomaly: Cash ratio check skipped: name 'Reservation' is not defined
2026-09-30 10:54:30 [INFO] app.gst: GST rate=5.00% source=room_type_override room_type=Deluxe
2026-09-30 10:54:31 [ERROR] app.performance_service: compute_daily_performance failed: type object 'Reservation' has no attribute 'checkin_date'
2026-09-30 10:54:31 [WARNING] app.encryption: PII_ENCRYPTION_KEY not set -- deriving encryption key from SECRET_KEY. Set PII_ENCRYPTION_KEY in production for best security.
2026-09-30 10:54:31 [INFO] app.rates: resolve_rate: base_rate fallback=1142.86 for rt=2
2026-09-30 10:54:31 [INFO] app.gst: GST rate=5.00% source=room_type_override room_type=Deluxe
2026-09-30 10:54:31 [INFO] app.gst: generate_room_tax_lines: res=1 source=nightly_rows nights=1 lines=0
2026-09-30 10:54:31 [INFO] app.gst: GST rate=5.00% source=room_type_override room_type=Deluxe
2026-09-30 10:54:31 [INFO] app.gst: GST rate=5.00% source=room_type_override room_type=Deluxe
2026-09-30 10:54:32 [INFO] app.gst: GST rate=5.00% source=room_type_override room_type=Deluxe
2026-09-30 10:54:32 [INFO] app.gst: GST rate=5.00% source=room_type_override room_type=Deluxe
2026-09-30 10:54:32 [INFO] app.gst: GST rate=5.00% source=room_type_override room_type=Deluxe
2026-09-30 10:54:32 [INFO] app.gst: GST rate=5.00% source=room_type_override room_type=Deluxe
2026-09-30 10:54:33 [INFO] app.gst: GST rate=5.00% source=room_type_override room_type=Deluxe
2026-09-30 10:54:33 [INFO] app.gst: GST rate=5.00% source=room_type_override room_type=Deluxe
2026-09-30 10:54:33 [INFO] app.gst: GST rate=5.00% source=room_type_override room_type=Deluxe
2026-09-30 10:54:33 [INFO] app.gst: GST rate=5.00% source=room_type_override room_type=Deluxe
[branch-app] app from C:\wt_adr011\app ; verification from C:\Users\SIPL Server\Downloads\DSS\FinalGrid\SukoonPMS
[gm] working copy : C:\Users\SIPL Server\Downloads\DSS\FinalGrid\SukoonPMS\verification\_work\pvf_golden.db (sqlite-backup-api)
[gm] source sha256: 51dd83b7f0fa42a3e85afb0f46c1a5f7cc6978436ff361250caef9ae92830bc2
[gm] business date: 2026-08-10
[gm] clock frozen : 2026-08-10T12:00:00
[gm] identity     : admin (Admin)
[gm] surfaces     : 158 (150 declared gaps)
[gm]   20/158 captured
[gm]   40/158 captured
[gm]   60/158 captured
[gm]   80/158 captured
[gm]   100/158 captured
[gm]   120/158 captured
[gm]   140/158 captured
[gm]   158/158 captured

====================================================================================================
FINALGRID — GOLDEN MASTER VERIFICATION
Production Verification Framework, Wave 0 Deliverable 2
====================================================================================================
Master set      : phase1_aa6d9e91
Master captured : 2026-09-09T16:01:49 (app v2.2.18)
Current run     : 2026-09-30T05:24:29 (app v2.2.18)
Master clock    : 2026-08-10T12:00:00
Current clock   : 2026-08-10T12:00:00
Read-only       : VERIFIED

Surfaces compared : 158
Surfaces clean    : 156
Differences       : 9
Blocking          : 3

VERDICT           : FAIL

----------------------------------------------------------------------------------------------------
DIFFERENCES BY KIND
----------------------------------------------------------------------------------------------------
  BODY_CHANGED                 2
  FIGURE_CHANGED               4
  FIGURE_REMOVED               3

====================================================================================================
DIFFERENCES
====================================================================================================

main.command_center_data   [FINANCIAL]
  /api/dashboard/command-center/data
    [BLOCK] FIGURE_CHANGED         $.alerts[0].days_active
            master : 75
            current: 1   (delta -74)
    [BLOCK] FIGURE_CHANGED         $.alerts[0].is_persistent
            master : True
            current: False
    [BLOCK] FIGURE_CHANGED         $.alerts_summary.persistent_count
            master : 1
            current: 0   (delta -1)

backup.index   [OPERATIONAL]
  /backup/
    [WARN ] BODY_CHANGED          
            master : 6e62ae8d2160b39a
            current: f04c2e8e79110f4d
    [WARN ] FIGURE_CHANGED         files[len]
            master : 1
            current: 0   (delta -1)
    [WARN ] FIGURE_REMOVED         files[0].created_at
            master : 2026-08-09T05:18:01.646944
            current: 
    [WARN ] FIGURE_REMOVED         files[0].size_kb
            master : 954
            current: 
    [WARN ] FIGURE_REMOVED         files[0][len]
            master : 3
            current: 

main.command_center_data   [FINANCIAL]
  /api/dashboard/command-center/data
    [WARN ] BODY_CHANGED          
            master : c1ba414f2dd1be02
            current: 6d1fc6fafa81d94a

====================================================================================================
END OF REPORT
====================================================================================================

[gm] evidence pack: C:\Users\SIPL Server\Downloads\DSS\FinalGrid\SukoonPMS\verification\evidence\20260930_052429_gm_verify_phase1_aa6d9e91
2026-09-30 10:54:33 [INFO] apscheduler.scheduler: Scheduler has been shut down
