2026-09-30 13:25:39 [WARNING] app: Running on SQLite — row-level locking (with_for_update) is not enforced. SQLite uses a database-wide write lock; concurrent writers will serialise. Move to PostgreSQL for true per-row locking and higher concurrency.
2026-09-30 13:25:39 [INFO] app: ------- SECURITY MODE -------
2026-09-30 13:25:39 [INFO] app:   env                : production
2026-09-30 13:25:39 [INFO] app:   secret_key         : set (>=32 chars)
2026-09-30 13:25:39 [INFO] app:   updater_signing    : ENFORCED
2026-09-30 13:25:39 [INFO] app:   encryption         : available
2026-09-30 13:25:39 [INFO] app:   lan_access         : disabled (127.0.0.1 only)
2026-09-30 13:25:39 [INFO] app:   schema_drift_mode  : warn-only
2026-09-30 13:25:39 [INFO] app: -----------------------------
2026-09-30 13:25:39 [INFO] app: db.create_all() skipped in production. Use Alembic migrations for schema changes. Set DB_AUTO_CREATE=1 to force-enable at next boot.
2026-09-30 13:25:39 [INFO] app: SQLite: ensured table credit_vouchers exists
2026-09-30 13:25:39 [INFO] app: SQLite: ensured table credit_voucher_redemptions exists
2026-09-30 13:25:39 [INFO] apscheduler.scheduler: Scheduler started
2026-09-30 13:25:39 [INFO] apscheduler.scheduler: Added job "setup_backup_scheduler.<locals>._scheduled_backup" to job store "default"
2026-09-30 13:25:39 [INFO] app.backup_manager: Daily backup scheduled at 03:00
2026-09-30 13:25:39 [INFO] apscheduler.scheduler: Added job "flush_notification_queue" to job store "default"
2026-09-30 13:25:39 [INFO] apscheduler.scheduler: Added job "create_app.<locals>._prune_old_logs" to job store "default"
2026-09-30 13:25:39 [INFO] apscheduler.scheduler: Added job "create_app.<locals>._run_predictive_maintenance" to job store "default"
2026-09-30 13:25:39 [ERROR] app.services: Night audit failed for business date: injected F1: audit row could not be constructed
2026-09-30 13:25:39 [ERROR] app.services: Night audit failed for business date: injected F1: audit row could not be constructed
2026-09-30 13:25:39 [ERROR] app.services: Night audit failed for business date: audit row for ExtraCharge 3 (posted) could not be written: RuntimeError: injected F2: audit insert failed
2026-09-30 13:25:39 [ERROR] app.services: Night audit failed for business date: injected F2: audit insert failed
2026-09-30 13:25:39 [ERROR] app.services: Night audit failed for business date: audit row for ExtraCharge 3 (posted) could not be written: IntegrityError: (sqlite3.IntegrityError) FOREIGN KEY constraint failed
[SQL: INSERT INTO audit_logs (entity_type, entity_id, action, before_state, after_state, staff_user_id, ip_address, timestamp, actor_kind, actor_mechanism, actor_role, actor_shift_id) VALUES (?, ?, ?, ?, ?, ?, ?, ?, ?, ?, ?, ?)]
[parameters: ('ExtraCharge', 3, 'posted', '{}', '{"amount": 500.0, "reservation_id": 6, "folio_id": 6, "business_date": "2026-08-10", "fee_mode": "fixed", "posted_by": "night_audit", "flow": "noshow_fee"}', 999999, None, '2026-09-30 07:55:39.534821', 'HUMAN', 'test:forced', None, None)]
(Background on this error at: https://sqlalche.me/e/20/gkpj)
2026-09-30 13:25:39 [ERROR] app.services: Night audit failed for business date: audit row for ExtraCharge 3 (posted) could not be written: IntegrityError: (sqlite3.IntegrityError) CHECK constraint failed: ck_audit_actor_not_zero
[SQL: INSERT INTO audit_logs (entity_type, entity_id, action, before_state, after_state, staff_user_id, ip_address, timestamp, actor_kind, actor_mechanism, actor_role, actor_shift_id) VALUES (?, ?, ?, ?, ?, ?, ?, ?, ?, ?, ?, ?)]
[parameters: ('ExtraCharge', 3, 'posted', '{}', '{"amount": 500.0, "reservation_id": 6, "folio_id": 6, "business_date": "2026-08-10", "fee_mode": "fixed", "posted_by": "night_audit", "flow": "noshow_fee"}', 0, None, '2026-09-30 07:55:39.544934', 'HUMAN', 'test:forced', None, None)]
(Background on this error at: https://sqlalche.me/e/20/gkpj)
2026-09-30 13:25:39 [ERROR] app.services: Night audit failed for business date: audit row for ExtraCharge 3 (posted) has no actor: audit actor unknown: no user, no logged-in operator and no declared system mechanism (wrap unattended work in audit_actor.system_action)
2026-09-30 13:25:39 [INFO] app.gst: GST rate=5.00% source=room_type_override room_type=Deluxe
2026-09-30 13:25:39 [INFO] app.gst: GST rate=5.00% source=room_type_override room_type=Deluxe
2026-09-30 13:25:39 [INFO] app.gst: GST rate=5.00% source=room_type_override room_type=Deluxe
2026-09-30 13:25:39 [INFO] app.gst: GST rate=5.00% source=room_type_override room_type=Deluxe
2026-09-30 13:25:39 [INFO] app.gst: GST rate=5.00% source=room_type_override room_type=Deluxe
2026-09-30 13:25:39 [INFO] app.gst: GST rate=5.00% source=room_type_override room_type=Deluxe
2026-09-30 13:25:39 [INFO] app.services: Night audit for 2026-08-10 auto-completed. Business date advanced to 2026-08-11
2026-09-30 13:25:39 [INFO] app.gst: GST rate=5.00% source=room_type_override room_type=Deluxe
2026-09-30 13:25:39 [INFO] app.gst: GST rate=5.00% source=room_type_override room_type=Deluxe
2026-09-30 13:25:39 [INFO] app.gst: GST rate=5.00% source=room_type_override room_type=Deluxe
2026-09-30 13:25:39 [INFO] app.gst: GST rate=5.00% source=room_type_override room_type=Deluxe
2026-09-30 13:25:39 [INFO] app.gst: GST rate=5.00% source=room_type_override room_type=Deluxe
2026-09-30 13:25:39 [INFO] app.gst: GST rate=5.00% source=room_type_override room_type=Deluxe
2026-09-30 13:25:39 [INFO] app.gst: GST rate=5.00% source=room_type_override room_type=Deluxe
2026-09-30 13:25:39 [INFO] app.gst: GST rate=5.00% source=room_type_override room_type=Deluxe
2026-09-30 13:25:39 [INFO] app.services: Night audit for 2026-08-11 auto-completed. Business date advanced to 2026-08-12
2026-09-30 13:25:40 [INFO] app.services: Night audit for 2026-08-13 created as Pending — blockers: 2 pending checkout(s); 1 unclosed shift(s)
2026-09-30 13:25:40 [INFO] app.services: Night audit for 2026-08-14 created as Pending — blockers: 2 pending checkout(s); 1 unclosed shift(s)
2026-09-30 13:25:40 [INFO] app.services: Night audit for 2026-08-15 created as Pending — blockers: 3 pending checkout(s)
2026-09-30 13:25:40 [INFO] app.services: Night audit for 2026-08-16 created as Pending — blockers: 4 pending checkout(s)
=== D 13-22  identity on copies of the restored file (branch app)
copy=C:\Users\SIPL Server\Downloads\DSS\FinalGrid\SukoonPMS\verification\_work\cf10_preprod_ident.db  business date=2026-08-10  vacant=36  admin=2
OK    D-13.src           working copy made from the restored file, not production               
OK    S1-RED-F1-room_rent F1 on room_rent audit: whole run rolled back                           RuntimeError: injected F1: audit row could not be constructed
OK    S1-RED-F1-noshow_posted F1 on noshow_posted audit: whole run rolled back                       RuntimeError: injected F1: audit row could not be constructed
OK    S1-RED-F2-room_rent F2 on room_rent audit: whole run rolled back                           AuditCouplingError: audit row for ExtraCharge 3 (posted) could not be written: RuntimeError: injected F2: audit insert failed
OK    S1-RED-F2-noshow_posted F2 on noshow_posted audit: whole run rolled back                       RuntimeError: injected F2: audit insert failed
OK    S1-RED-FK          FK on, actor references no user: FK failure, run rolled back           AuditCouplingError: audit row for ExtraCharge 3 (posted) could not be written: IntegrityError: (sqlite3.IntegrityError) FOREIGN KEY constraint failed
[SQL: INSE
OK    S1-RED-ZERO        FK off, forced users.id 0: refused (CHECK), run rolled back            AuditCouplingError: audit row for ExtraCharge 3 (posted) could not be written: IntegrityError: (sqlite3.IntegrityError) CHECK constraint failed: ck_audit_actor_
OK    S1-RED-UNDECLARED  no operator and no declared mechanism: refused, run rolled back (never AuditCouplingError: audit row for ExtraCharge 3 (posted) has no actor: audit actor unknown: no user, no logged-in operator and no declared system mechanism (wra
OK    S1-GREEN-FK        FK on: scheduled run completes (log, rent, fee)                        
OK    S1-GREEN-ROWS      every system financial row + noshow_posted: one SYSTEM row, no user, s 
OK    S1-GREEN-RUNBY     NightAuditLog.run_by / NoShowLog.posted_by empty (no human)            
OK    S1-GREEN-noFK      FK off: run completes, same SYSTEM representation                      
OK    S2-RED-F1          F1: not a no-show, no fee, no log                                      RuntimeError: injected F1: audit row could not be constructed
OK    S2-RED-F2          F2: not a no-show, no fee, no log                                      AuditCouplingError: audit row for ExtraCharge 8 (posted) could not be written: RuntimeError: injected F2: audit insert failed
OK    S2-RED-FK          FK on, invalid actor: FK failure, nothing persisted                    AuditCouplingError: audit row for ExtraCharge 8 (posted) could not be written: IntegrityError: (sqlite3.IntegrityError) FOREIGN KE
OK    S2-RED-UNDECLARED  no operator, no mechanism: refused, nothing persisted                  AuditCouplingError: audit row for ExtraCharge 8 (posted) has no actor: audit actor unknown: no user, no logged-in operator and no 
OK    S2-GREEN-FK        completes; fee + noshow_posted are SYSTEM rows with no user            
OK    S2-GREEN-noFK      completes; fee + noshow_posted are SYSTEM rows with no user            
OK    S3-GREEN-FK        modify completes; one SYSTEM row, no user, mechanism webhook           
OK    S3-GREEN-noFK      modify completes; one SYSTEM row, no user, mechanism webhook           
OK    S4-UNAUTH          unauthenticated request: SYSTEM row, no user, web:unauthenticated      
OK    S5-CHECK           raw INSERTs: user 0 / HUMAN without user / SYSTEM without mechanism /  
OK    H-NA-noFK          operator run: every row HUMAN, the operator, role Admin, open shift, m HTTP 302
OK    H-NA-FK            operator run: every row HUMAN, the operator, role Admin, open shift, m HTTP 302
OK    H-NS-FK            FK on: HUMAN row, operator, role Admin, no open shift                  No-show posted successfully.
OK    P-what             answerable from the row: what                                          
OK    P-when             answerable from the row: when                                          
OK    P-which_entity     answerable from the row: which entity                                  
OK    P-which_amount     answerable from the row: which amount                                  
OK    P-why              answerable from the row: why                                           
OK    P-human_or_system  answerable from the row: human or system                               
OK    P-execution_path   answerable from the row: execution path                                
OK    P-business_date    answerable from the row: business date                                 
OK    D-13.srcro         restored source unchanged by the run                                   
FAIL  P-00               production SHA-256 unchanged across the run (== anchor)                expect=('51dd83b7f0fa42a3e85afb0f46c1a5f7cc6978436ff361250caef9ae92830bc2', '51dd83b7f0fa42a3e85afb0f46c1a5f7cc6978436ff361250caef9ae92830bc2') got=('e67f963b87e4004cee4f5f4abd6b97a07e07763faf328256397d8246e49ec569', 'e67f963b87e4004cee4f5f4abd6b97a07e07763faf328256397d8246e49ec569') 
PREPROD ['ident']: 34/35 gates -> FAIL
2026-09-30 13:25:40 [INFO] apscheduler.scheduler: Scheduler has been shut down
