2026-09-30 21:06:26 [WARNING] app: Running on SQLite — row-level locking (with_for_update) is not enforced. SQLite uses a database-wide write lock; concurrent writers will serialise. Move to PostgreSQL for true per-row locking and higher concurrency.
2026-09-30 21:06:26 [INFO] app: ------- SECURITY MODE -------
2026-09-30 21:06:26 [INFO] app:   env                : production
2026-09-30 21:06:26 [INFO] app:   secret_key         : set (>=32 chars)
2026-09-30 21:06:26 [INFO] app:   updater_signing    : ENFORCED
2026-09-30 21:06:26 [INFO] app:   encryption         : available
2026-09-30 21:06:26 [INFO] app:   lan_access         : disabled (127.0.0.1 only)
2026-09-30 21:06:26 [INFO] app:   schema_drift_mode  : warn-only
2026-09-30 21:06:26 [INFO] app: -----------------------------
2026-09-30 21:06:27 [INFO] app: db.create_all() skipped in production. Use Alembic migrations for schema changes. Set DB_AUTO_CREATE=1 to force-enable at next boot.
2026-09-30 21:06:27 [INFO] app: SQLite: ensured table credit_vouchers exists
2026-09-30 21:06:27 [INFO] app: SQLite: ensured table credit_voucher_redemptions exists
2026-09-30 21:06:27 [INFO] apscheduler.scheduler: Scheduler started
2026-09-30 21:06:27 [INFO] apscheduler.scheduler: Added job "setup_backup_scheduler.<locals>._scheduled_backup" to job store "default"
2026-09-30 21:06:27 [INFO] app.backup_manager: Daily backup scheduled at 03:00
2026-09-30 21:06:27 [INFO] apscheduler.scheduler: Added job "flush_notification_queue" to job store "default"
2026-09-30 21:06:27 [INFO] apscheduler.scheduler: Added job "create_app.<locals>._prune_old_logs" to job store "default"
2026-09-30 21:06:27 [INFO] apscheduler.scheduler: Added job "create_app.<locals>._run_predictive_maintenance" to job store "default"
2026-09-30 21:06:27 [INFO] app.gst: GST rate=5.00% source=room_type_override room_type=Deluxe
2026-09-30 21:06:27 [INFO] app.gst: GST rate=5.00% source=room_type_override room_type=Deluxe
2026-09-30 21:06:27 [INFO] app.gst: GST rate=5.00% source=room_type_override room_type=Deluxe
2026-09-30 21:06:27 [INFO] app.gst: GST rate=5.00% source=room_type_override room_type=Deluxe
2026-09-30 21:06:27 [INFO] app.gst: GST rate=5.00% source=room_type_override room_type=Deluxe
2026-09-30 21:06:27 [INFO] app.gst: GST rate=5.00% source=room_type_override room_type=Deluxe
2026-09-30 21:06:27 [INFO] app.gst: GST rate=5.00% source=room_type_override room_type=Deluxe
2026-09-30 21:06:27 [INFO] app.gst: GST rate=5.00% source=room_type_override room_type=Deluxe
2026-09-30 21:06:27 [INFO] app.gst: GST rate=5.00% source=room_type_override room_type=Deluxe
2026-09-30 21:06:27 [INFO] app.gst: GST rate=5.00% source=room_type_override room_type=Deluxe
2026-09-30 21:06:27 [INFO] app.gst: GST rate=5.00% source=room_type_override room_type=Deluxe
2026-09-30 21:06:27 [INFO] app.gst: GST rate=5.00% source=room_type_override room_type=Deluxe
2026-09-30 21:06:27 [INFO] app.gst: GST rate=5.00% source=room_type_override room_type=Deluxe
2026-09-30 21:06:27 [INFO] app.gst: GST rate=5.00% source=room_type_override room_type=Deluxe
2026-09-30 21:06:27 [INFO] app.gst: GST rate=5.00% source=room_type_override room_type=Deluxe
2026-09-30 21:06:27 [INFO] app.gst: GST rate=5.00% source=room_type_override room_type=Deluxe
2026-09-30 21:06:27 [INFO] app.gst: GST rate=5.00% source=room_type_override room_type=Deluxe
2026-09-30 21:06:27 [INFO] app.gst: GST rate=5.00% source=room_type_override room_type=Deluxe
2026-09-30 21:06:27 [INFO] app.gst: GST rate=5.00% source=room_type_override room_type=Deluxe
2026-09-30 21:06:27 [INFO] app.gst: GST rate=5.00% source=room_type_override room_type=Deluxe
2026-09-30 21:06:27 [INFO] app.gst: GST rate=5.00% source=room_type_override room_type=Deluxe
2026-09-30 21:06:27 [INFO] app.gst: GST rate=5.00% source=room_type_override room_type=Deluxe
2026-09-30 21:06:27 [INFO] app.gst: GST rate=5.00% source=room_type_override room_type=Deluxe
2026-09-30 21:06:27 [INFO] app.gst: GST rate=5.00% source=room_type_override room_type=Deluxe
2026-09-30 21:06:27 [INFO] app.gst: GST rate=5.00% source=room_type_override room_type=Deluxe
2026-09-30 21:06:27 [INFO] app.gst: GST rate=5.00% source=room_type_override room_type=Deluxe
2026-09-30 21:06:27 [INFO] app.gst: GST rate=5.00% source=room_type_override room_type=Deluxe
2026-09-30 21:06:27 [INFO] app.gst: GST rate=5.00% source=room_type_override room_type=Deluxe
2026-09-30 21:06:27 [INFO] app.gst: GST rate=5.00% source=room_type_override room_type=Deluxe
2026-09-30 21:06:27 [WARNING] app.encryption: PII_ENCRYPTION_KEY not set -- deriving encryption key from SECRET_KEY. Set PII_ENCRYPTION_KEY in production for best security.
[sr2] app + verification from C:\wt_sr2base ; source (read-only) C:\Users\SIPL Server\Downloads\DSS\FinalGrid\SukoonPMS\instance\pms.db
[pvf] working copy: C:\wt_sr2base\verification\_work\pvf_working.db (sqlite-backup-api)
[pvf] source sha256: 21dc0e970caf261fd38e1ccc9f8d4ca8c88a07ff8161cf22d63465203953e434
[pvf] measuring 22 quantities over 4 reservations, 2 activity dates...

====================================================================================================
FINALGRID — FINANCIAL PARITY HARNESS
Production Verification Framework, Wave 0 Deliverable 1
====================================================================================================
Mode            : cross-implementation
Started         : 2026-09-30T15:36:26
Finished        : 2026-09-30T15:36:27
Duration        : 0.7s
Application     : v2.2.18
PVF             : v0.5.0

----------------------------------------------------------------------------------------------------
READ-ONLY GUARANTEE
----------------------------------------------------------------------------------------------------
Source database : C:\Users\SIPL Server\Downloads\DSS\FinalGrid\SukoonPMS\instance\pms.db
Size            : 733,184 bytes
Copy method     : sqlite-backup-api
SHA-256 before  : 21dc0e970caf261fd38e1ccc9f8d4ca8c88a07ff8161cf22d63465203953e434
SHA-256 after   : 21dc0e970caf261fd38e1ccc9f8d4ca8c88a07ff8161cf22d63465203953e434
Guarantee       : VERIFIED — production database byte-identical after run

----------------------------------------------------------------------------------------------------
SUMMARY
----------------------------------------------------------------------------------------------------
  AGREED              15
  SINGLE_SOURCE        1
  DIVERGED             4
  VACUOUS              2
  NOT_IMPLEMENTED      0
  ERROR                0
  TOTAL               22

  OVERALL VERDICT  : FAIL
  Blocking failures: 5

----------------------------------------------------------------------------------------------------
QUANTITY RESULTS
----------------------------------------------------------------------------------------------------
ID    QUANTITY                                     POLICY         SEV    VERDICT              ms
----------------------------------------------------------------------------------------------------
Q01   Reservation count and status distribution    EXACT          BLOCK  SINGLE_SOURCE         0
Q02   Charge count and total by category           EXACT          BLOCK  AGREED                0
Q03   Room revenue per reservation (3 definitions  EXACT          BLOCK  AGREED                4
Q04   Room revenue per business date               EXACT          BLOCK  AGREED               69
Q05   Ancillary revenue by category                EXACT          BLOCK  AGREED                1
Q06   Taxable base (deduplicated vs raw)           RUPEE          BLOCK  DIVERGED              1
Q07   Tax by component (CGST / SGST / IGST)        RUPEE          BLOCK  AGREED                1
Q08   Discount applied per reservation             EXACT          BLOCK  AGREED                3
Q09   Payments total (signed vs raw)               EXACT          BLOCK  AGREED                6
Q10   Payments by mode and purpose                 EXACT          BLOCK  AGREED                1
Q11   Refunds, separated from voids                EXACT          BLOCK  VACUOUS              49
Q12   Outstanding per reservation (2 bases)        EXACT          BLOCK  AGREED                3
Q13   Settlement status distribution               EXACT          BLOCK  AGREED                3
Q14   Folio balances / partition integrity         EXACT          BLOCK  DIVERGED             14
Q15   Night audit — stored vs recomputed sections  EXACT          BLOCK  AGREED               15
Q16   Daily report totals vs canonical engines     RUPEE          BLOCK  AGREED               65
Q17   MIS aggregates vs canonical engines and the  RUPEE          WARN   DIVERGED             76
Q18   Executive dashboard tiles vs canonical engi  RUPEE          BLOCK  AGREED              128
Q19   Occupancy and rooms sold                     EXACT          BLOCK  AGREED                4
Q20   ADR and RevPAR (multiple definitions)        EXACT          BLOCK  DIVERGED              2
Q21   Cash position and variance                   EXACT          BLOCK  VACUOUS               0
Q22   Receivables — OTA, corporate, individual     EXACT          BLOCK  AGREED                8

====================================================================================================
DIVERGENCES
====================================================================================================

[Q06] Taxable base (deduplicated vs raw)   (BLOCK, policy RUPEE)
----------------------------------------------------------------------------------------------------
  CGST and SGST each carry the full taxable value of one supply. Summing both double-counts the base.
  Implementations:
    deduplicated by charge source                4095.23
    raw sum of all tax lines                     8190.46

[Q14] Folio balances / partition integrity   (BLOCK, policy EXACT)
----------------------------------------------------------------------------------------------------
  2 charges and 6 payments carry folio_id = NULL. Article V §3 requires every row to belong to a folio.
  Implementations:
    sum over folios (charges)                    0.0
    sum over reservations (charges)              476.19
  Attributed divergences:
    charge partition         sum over folios (charges) = 0.0  vs  sum over reservations (charges) = 476.19   (delta -476.19)

[Q17] MIS aggregates vs canonical engines and the flash report   (WARN, policy RUPEE)
----------------------------------------------------------------------------------------------------
  MIS is scoped to the single business date so it is directly comparable with the flash report and the daily engines. Where the two reports disagree about the same day, at least one of them is wrong on every day.
  Implementations:
    ADR::kpi_helpers.get_adr                     0.0
    ADR::reports.mis.business.arr                952.38
    daily collections (report-to-report)::reports.flash.day_revenue 3100.0
    daily collections (report-to-report)::reports.mis.billing.total_collected 3100.0
    daily collections::kpi_helpers.get_daily_revenue 3100.0
    daily collections::reports.mis.billing.total_collected 3100.0
    departures completed::reports.flash.departures_done 1
    departures completed::reports.mis.movement.departures_done 0
    occupancy pct::kpi_helpers.get_occupancy     0.0
    occupancy pct::reports.mis.business.occupancy_pct 8.1
    occupied rooms::kpi_helpers.get_occupancy.occupied 0
    occupied rooms::reports.mis.business.occupied_rooms 0
  Attributed divergences:
    occupancy pct            kpi_helpers.get_occupancy = 0.0  vs  reports.mis.business.occupancy_pct = 8.1   (delta -8.1)
    ADR                      kpi_helpers.get_adr = 0.0  vs  reports.mis.business.arr = 952.38   (delta -952.38)

[Q20] ADR and RevPAR (multiple definitions)   (BLOCK, policy EXACT)
----------------------------------------------------------------------------------------------------
  kpi_helpers.get_adr takes NO date parameter — it averages the tariffs of currently checked-in reservations, so any historical ADR is actually today's ADR.
  Implementations:
    kpi_helpers.get_adr (AVG rate_per_night, no date scope) 0.0
    room revenue / occupied room-nights (date-scoped) 904.76
  Attributed divergences:
    ADR                      kpi_helpers.get_adr (AVG rate_per_night, no date scope) = 0.0  vs  room revenue / occupied room-nights (date-scoped) = 904.76   (delta -904.76)

====================================================================================================
VACUOUS — measured, but the population is empty
====================================================================================================
These implementations agreed only because there was nothing to
disagree about. Per Principle 10 that is not evidence of
correctness. Each requires a regression dataset (Wave 0 D6)
before it can be reported as verified.
  [Q11] Refunds, separated from voids
         A void asserts an entry should not have existed; a refund asserts money left the business. The night audit reports voids as refunds (Article VIII §5).
  [Q21] Cash position and variance
         Cash control cannot be verified without shift data. 0 shifts exist.

====================================================================================================
END OF REPORT
====================================================================================================

[pvf] evidence pack: C:\wt_sr2base\verification\evidence\20260930_153626_cross_implementation
2026-09-30 21:06:27 [INFO] apscheduler.scheduler: Scheduler has been shut down
