2026-10-02 18:30:36 [WARNING] app: Running on SQLite — row-level locking (with_for_update) is not enforced. SQLite uses a database-wide write lock; concurrent writers will serialise. Move to PostgreSQL for true per-row locking and higher concurrency.
2026-10-02 18:30:36 [INFO] app: ------- SECURITY MODE -------
2026-10-02 18:30:36 [INFO] app:   env                : production
2026-10-02 18:30:36 [INFO] app:   secret_key         : set (>=32 chars)
2026-10-02 18:30:36 [INFO] app:   updater_signing    : ENFORCED
2026-10-02 18:30:36 [INFO] app:   encryption         : available
2026-10-02 18:30:36 [INFO] app:   lan_access         : disabled (127.0.0.1 only)
2026-10-02 18:30:36 [INFO] app:   schema_drift_mode  : warn-only
2026-10-02 18:30:36 [INFO] app: -----------------------------
2026-10-02 18:30:36 [INFO] app: db.create_all() skipped in production. Use Alembic migrations for schema changes. Set DB_AUTO_CREATE=1 to force-enable at next boot.
2026-10-02 18:30:36 [INFO] app: SQLite: ensured table credit_vouchers exists
2026-10-02 18:30:36 [INFO] app: SQLite: ensured table credit_voucher_redemptions exists
2026-10-02 18:30:36 [INFO] apscheduler.scheduler: Scheduler started
2026-10-02 18:30:36 [INFO] apscheduler.scheduler: Added job "setup_backup_scheduler.<locals>._scheduled_backup" to job store "default"
2026-10-02 18:30:36 [INFO] app.backup_manager: Daily backup scheduled at 03:00
2026-10-02 18:30:36 [INFO] apscheduler.scheduler: Added job "flush_notification_queue" to job store "default"
2026-10-02 18:30:36 [INFO] apscheduler.scheduler: Added job "create_app.<locals>._prune_old_logs" to job store "default"
2026-10-02 18:30:36 [INFO] apscheduler.scheduler: Added job "create_app.<locals>._run_predictive_maintenance" to job store "default"
[k7-legacy] app + verification from C:\wk7 ; source (read-only) C:\Users\SIPL Server\Downloads\DSS\FinalGrid\SukoonPMS\instance\pms.db ; live .env NOT loaded
==================================================================================================================================
Q06 FORWARD-FIX REGRESSION
==================================================================================================================================
production        : C:\Users\SIPL Server\Downloads\DSS\FinalGrid\SukoonPMS\instance\pms.db
sha256 before      : 21dc0e970caf261fd38e1ccc9f8d4ca8c88a07ff8161cf22d63465203953e434
disposable copy    : C:\wk7\verification\_work\q06_fix_regression.db  (sqlite-backup-api)
----------------------------------------------------------------------------------------------------------------------------------
NightAuditLog 2026-08-09 present before run: True
  snapshot_hash before: d248ae5413672f269cdefc9ad73ad18f1da28f3fca86c2248213b976f8ba4128
distinct TaxLine charge_date values: [datetime.date(2026, 8, 9), datetime.date(2026, 8, 10)]
----------------------------------------------------------------------------------------------------------------------------------
dates with an IGST (interstate) row: []
----------------------------------------------------------------------------------------------------------------------------------
RC-Q06-01[2026-08-09] old algorithm reproduces the ~2x doubled base                          PASS
             old_naive_sum=2285.70  gst_report_base=1142.85  ratio=2.0000
RC-Q06-02[2026-08-09] fixed total_taxable == true charge-level base (once)                   PASS
             fixed=1142.85  true_base=1142.85
RC-Q06-04[2026-08-09] fixed tax_snapshot agrees with get_gst_report (taxable)                PASS
RC-Q06-03[2026-08-09] total_tax unchanged (CGST+SGST+IGST sums preserved)                    PASS
             tax_snapshot.total_tax=57.14  get_gst_report.total_tax=57.14
RC-Q06-05[2026-08-09] no individual by_rate bucket exceeds the true base                     PASS
             by_rate={"CGST @ 2%": 1142.85, "SGST @ 2%": 1142.85}
RC-Q06-06[2026-08-09] total_lines / exempt_lines unaffected by the fix                       PASS
             total_lines=4  raw_rows=4
RC-Q06-01[2026-08-10] old algorithm reproduces the ~2x doubled base                          PASS
             old_naive_sum=5904.76  gst_report_base=2952.38  ratio=2.0000
RC-Q06-02[2026-08-10] fixed total_taxable == true charge-level base (once)                   PASS
             fixed=2952.38  true_base=2952.38
RC-Q06-04[2026-08-10] fixed tax_snapshot agrees with get_gst_report (taxable)                PASS
RC-Q06-03[2026-08-10] total_tax unchanged (CGST+SGST+IGST sums preserved)                    PASS
             tax_snapshot.total_tax=147.60  get_gst_report.total_tax=147.60
RC-Q06-05[2026-08-10] no individual by_rate bucket exceeds the true base                     PASS
             by_rate={"CGST @ 2%": 2952.3799999999997, "SGST @ 2%": 2952.3799999999997}
RC-Q06-06[2026-08-10] total_lines / exempt_lines unaffected by the fix                       PASS
             total_lines=8  raw_rows=8
RC-Q06-07    interstate (IGST) case — none exists in this dataset                   PASS
             no IGST rows found; case not exercisable on this data, reported explicitly
RC-Q06-08    sealed NightAuditLog 2026-08-09 record byte-identical before/after     PASS
             hash_before=d248ae5413672f269cdefc9ad73ad18f1da28f3fca86c2248213b976f8ba4128 hash_after=d248ae5413672f269cdefc9ad73ad18f1da28f3fca86c2248213b976f8ba4128
==================================================================================================================================
production sha256 after run: 21dc0e970caf261fd38e1ccc9f8d4ca8c88a07ff8161cf22d63465203953e434  (unchanged: True)
----------------------------------------------------------------------------------------------------------------------------------
14 / 14 PASS
json result written to C:\wk7\verification\_work\k7reg\q06_fix_regression_result.json
2026-10-02 18:30:36 [INFO] apscheduler.scheduler: Scheduler has been shut down
