run        : RR-20261002-DQ56-APPLY
source     : C:/Users/SIPL Server/Downloads/DSS/FinalGrid/db-backups/pms_20261002_093338_dq56-apply-pre.db
  [ok] source_sqlite_header
source sha : 5c78edb214993d6a34dfed8c5f82756bf288cea3767caf49785a8ed8971dfa8e
  [ok] source_matches_backup_manifest
  [ok] source_integrity_check
  [ok] restored_file_exists
restored   : C:/Users/SIPL Server/Downloads/DSS/FinalGrid/dq56_apply/restored_pre.db
restored sha: 5c78edb214993d6a34dfed8c5f82756bf288cea3767caf49785a8ed8971dfa8e
  [ok] restored_sqlite_header
  [ok] restored_integrity_check
  [ok] restored_foreign_key_check
  [ok] required_tables_present
  [ok] schema_readable
  [ok] schema_sql_equal
  [ok] row_counts_equal
  [ok] invoice_count_equal
  [ok] content_digests_equal_all_tables
  [ok] row_counts_match_backup_manifest
  [ok] body_identical_beyond_header
VERDICT    : RESTORE VERIFIED — C:\Users\SIPL Server\Downloads\DSS\FinalGrid\dq56_apply\restored_pre.db
