OK   T1a       payment correction pair: reversal + replacement identify the original          expect=HOLDS     got=HOLDS     
OK   T1b       charge correction pair identifies the original charge                          expect=HOLDS     got=HOLDS     
OK   T2a       cancellation refund generated by a valid cancellation (seeded exactly as the w expect=HOLDS     got=HOLDS     
OK   T2b       refund_partial cancellation refund                                             expect=HOLDS     got=HOLDS     
OK   T3a       same reservation, unrelated: a second refund on a cancelled reservation not ge expect=FAIL      got=FAIL      9
OK   T3b       same reservation, unrelated: reversal with no original on a reservation that h expect=FAIL      got=FAIL      8
OK   T4        same guest, unrelated: refund on another reservation of the guest whose cancel expect=FAIL      got=FAIL      8
OK   T5        same amount, unrelated: reversal equal to an existing payment, no original nam expect=FAIL      got=FAIL      8
OK   T6        orphan refund: no original, reservation not cancelled                          expect=FAIL      got=FAIL      7
OK   T7a       cross-reservation payment reference: corrects_id resolves to another reservati expect=FAIL      got=FAIL      8
OK   T7b       cross-reservation charge reference                                             expect=FAIL      got=FAIL      4
OK   T7c       cancellation pointer on another reservation than the refund                    expect=FAIL      got=FAIL      7
OK   T8        missing original: corrects_id does not resolve                                 expect=FAIL      got=FAIL      7
OK   N1        cancellation pointer but reservation not Cancelled (cancellation not valid)    expect=FAIL      got=FAIL      7
OK   N2        cancellation pointer, but disposition generates no refund (forfeit)            expect=FAIL      got=FAIL      7
OK   N3        cancellation pointer, but the refund amount differs from the recorded refund   expect=FAIL      got=FAIL      7
OK   N4        row pointed to by a cancellation is a correction, not a refund                 expect=FAIL      got=FAIL      7
OK   T2-APP    cancellation refund produced by the real post_cancellation_disposition writer  expect=HOLDS     got=HOLDS     {"reservation": 5, "refund_id": 8, "corrects_id": null, "is_reversal": true, "pointer": 8}
OK   T9a       VOIDCN is classified synthetic/unreachable in its dataset declaration          expect=synthetic-unreachable got=synthetic-unreachable The refund row is hand-written for a credit note on a completed stay. No application operation creates a refund payment 
OK   T9b       VOIDCN INV-D02 is VIOLATED, not silently accepted (declared and evaluated)     expect=('VIOLATED', 'VIOLATED') got=('VIOLATED', 'VIOLATED') 3
OK   P-00      production unchanged across the run                                            expect=21dc0e970caf261fd38e1ccc9f8d4ca8c88a07ff8161cf22d63465203953e434 got=21dc0e970caf261fd38e1ccc9f8d4ca8c88a07ff8161cf22d63465203953e434 
SR2 final_6488075: 21/21
