[k7] role base worktree C:\wk7base label red_base_d21eb50 production 21dc0e970caf261f
OK   S-08-09        freeze_proven              expect=true                           got=true
OK   S-08-09        d11_unchanged              expect=true                           got=true
OK   S-08-09        sealed_0809_unchanged      expect=true                           got=true
OK   S-08-09        reversal_date              expect="2026-10-02"                   got="2026-10-02"
OK   S-08-09        replacement_date           expect="2026-10-02"                   got="2026-10-02"
OK   S-08-09        n2_new_rows_all_on_bd      expect=false                          got=false
OK   S-08-09-route  freeze_proven              expect=true                           got=true
OK   S-08-09-route  d11_unchanged              expect=true                           got=true
OK   S-08-09-route  sealed_0809_unchanged      expect=true                           got=true
OK   S-08-09-route  reversal_date              expect="2026-10-02"                   got="2026-10-02"
OK   S-08-09-route  replacement_date           expect="2026-10-02"                   got="2026-10-02"
OK   S-08-09-route  n2_new_rows_all_on_bd      expect=false                          got=false
OK   S-10           freeze_proven              expect=true                           got=true
OK   S-10           d11_unchanged              expect=true                           got=true
OK   S-10           sealed_0809_unchanged      expect=true                           got=true
OK   S-10           refund_date                expect="2026-10-02"                   got="2026-10-02"
OK   S-10           n2_new_rows_all_on_bd      expect=false                          got=false
OK   S-VI           freeze_proven              expect=true                           got=true
OK   S-VI           d11_unchanged              expect=true                           got=true
OK   S-VI           sealed_0809_unchanged      expect=true                           got=true
OK   S-VI           issued_date                expect="2026-10-02"                   got="2026-10-02"
OK   S-VI           expiry_date                expect="2027-10-02"                   got="2027-10-02"
OK   S-VI           n2_new_rows_all_on_bd      expect=false                          got=false
OK   S-11           freeze_proven              expect=true                           got=true
OK   S-11           d11_unchanged              expect=true                           got=true
OK   S-11           sealed_0809_unchanged      expect=true                           got=true
OK   S-11           redeem_result              expect="ok"                           got="ok"
OK   S-11           payment_date               expect="2026-10-02"                   got="2026-10-02"
OK   S-11           n2_new_rows_all_on_bd      expect=false                          got=false
OK   V-1            freeze_proven              expect=true                           got=true
OK   V-1            d11_unchanged              expect=true                           got=true
OK   V-1            sealed_0809_unchanged      expect=true                           got=true
OK   V-1            computed_status            expect="expired"                      got="expired"
OK   V-1            redeem_result              expect="refused"                      got="refused"
OK   V-2            freeze_proven              expect=true                           got=true
OK   V-2            d11_unchanged              expect=true                           got=true
OK   V-2            sealed_0809_unchanged      expect=true                           got=true
OK   V-2            computed_status            expect="expired"                      got="expired"
OK   V-2            redeem_result              expect="refused"                      got="refused"
OK   V-3            freeze_proven              expect=true                           got=true
OK   V-3            d11_unchanged              expect=true                           got=true
OK   V-3            sealed_0809_unchanged      expect=true                           got=true
OK   V-3            computed_status            expect="expired"                      got="expired"
OK   V-3            redeem_result              expect="refused"                      got="refused"
OK   V-4            freeze_proven              expect=true                           got=true
OK   V-4            d11_unchanged              expect=true                           got=true
OK   V-4            sealed_0809_unchanged      expect=true                           got=true
OK   V-4            http_status                expect=200                            got=200
OK   V-4            stored_status_after_report expect="expired"                      got="expired"
OK   S-17           freeze_proven              expect=true                           got=true
OK   S-17           d11_unchanged              expect=true                           got=true
OK   S-17           sealed_0809_unchanged      expect=true                           got=true
OK   S-17           checkout_status            expect="CheckedOut"                   got="CheckedOut"
OK   S-17           extra_date                 expect="2026-10-02"                   got="2026-10-02"
OK   S-17           settlement_date            expect="2026-08-10"                   got="2026-08-10"
OK   S-17           tip_date                   expect="2026-08-10"                   got="2026-08-10"
OK   S-17           n2_new_rows_all_on_bd      expect=false                          got=false
OK   S-20           freeze_proven              expect=true                           got=true
OK   S-20           d11_unchanged              expect=true                           got=true
OK   S-20           sealed_0809_unchanged      expect=true                           got=true
OK   S-20           charge_rows                expect=1                              got=1
OK   S-20           charge_date                expect="2026-10-02"                   got="2026-10-02"
OK   S-20           n2_new_rows_all_on_bd      expect=false                          got=false
OK   S-22-23        freeze_proven              expect=true                           got=true
OK   S-22-23        d11_unchanged              expect=true                           got=true
OK   S-22-23        sealed_0809_unchanged      expect=true                           got=true
OK   S-22-23        reversal_date              expect="2026-10-02"                   got="2026-10-02"
OK   S-22-23        replacement_date           expect="2026-10-02"                   got="2026-10-02"
OK   S-22-23        n2_new_rows_all_on_bd      expect=false                          got=false
OK   F-1            freeze_proven              expect=true                           got=true
OK   F-1            d11_unchanged              expect=true                           got=true
OK   F-1            sealed_0809_unchanged      expect=true                           got=true
OK   F-1            result                     expect="date:2026-10-02"              got="date:2026-10-02"
OK   F-1            error_logged               expect=false                          got=false
OK   F-2-corr       freeze_proven              expect=true                           got=true
OK   F-2-corr       d11_unchanged              expect=true                           got=true
OK   F-2-corr       sealed_0809_unchanged      expect=true                           got=true
OK   F-2-corr       outcome                    expect="completed"                    got="completed"
OK   F-2-corr       no_rows_created            expect=false                          got=false
OK   F-2-chgcorr    freeze_proven              expect=true                           got=true
OK   F-2-chgcorr    d11_unchanged              expect=true                           got=true
OK   F-2-chgcorr    sealed_0809_unchanged      expect=true                           got=true
OK   F-2-chgcorr    outcome                    expect="completed"                    got="completed"
OK   F-2-chgcorr    no_rows_created            expect=false                          got=false
OK   F-2-refund     freeze_proven              expect=true                           got=true
OK   F-2-refund     d11_unchanged              expect=true                           got=true
OK   F-2-refund     sealed_0809_unchanged      expect=true                           got=true
OK   F-2-refund     outcome                    expect="completed"                    got="completed"
OK   F-2-refund     no_rows_created            expect=false                          got=false
OK   F-2-voucher    freeze_proven              expect=true                           got=true
OK   F-2-voucher    d11_unchanged              expect=true                           got=true
OK   F-2-voucher    sealed_0809_unchanged      expect=true                           got=true
OK   F-2-voucher    outcome                    expect="completed"                    got="completed"
OK   F-2-voucher    no_rows_created            expect=false                          got=false
OK   F-2-redeem     freeze_proven              expect=true                           got=true
OK   F-2-redeem     d11_unchanged              expect=true                           got=true
OK   F-2-redeem     sealed_0809_unchanged      expect=true                           got=true
OK   F-2-redeem     outcome                    expect="completed"                    got="completed"
OK   F-2-redeem     no_rows_created            expect=false                          got=false
OK   F-2-checkout   freeze_proven              expect=true                           got=true
OK   F-2-checkout   d11_unchanged              expect=true                           got=true
OK   F-2-checkout   sealed_0809_unchanged      expect=true                           got=true
OK   F-2-checkout   outcome                    expect="completed"                    got="completed"
OK   F-2-checkout   no_rows_created            expect=false                          got=false
OK   F-2-overstay   freeze_proven              expect=true                           got=true
OK   F-2-overstay   d11_unchanged              expect=true                           got=true
OK   F-2-overstay   sealed_0809_unchanged      expect=true                           got=true
OK   F-2-overstay   outcome                    expect="completed"                    got="completed"
OK   F-2-overstay   no_rows_created            expect=false                          got=false
OK   D-1            freeze_proven              expect=true                           got=true
OK   D-1            d11_unchanged              expect=true                           got=true
OK   D-1            sealed_0809_unchanged      expect=true                           got=true
OK   D-1            payment_date               expect="2026-10-02"                   got="2026-10-02"
OK   D-1            charge_date                expect="2026-10-02"                   got="2026-10-02"
OK   D-1            voucher_issued_date        expect="2026-10-02"                   got="2026-10-02"
OK   D-2            freeze_proven              expect=true                           got=true
OK   D-2            d11_unchanged              expect=true                           got=true
OK   D-2            sealed_0809_unchanged      expect=true                           got=true
OK   D-2            outcome                    expect="inserted"                     got="inserted"
OK   D-2            no_rows_created            expect=false                          got=false
OK   F-3a           freeze_proven              expect=true                           got=true
OK   F-3a           d11_unchanged              expect=true                           got=true
OK   F-3a           sealed_0809_unchanged      expect=true                           got=true
OK   F-3a           payload_business_date      expect="2026-10-02"                   got="2026-10-02"
OK   F-3a           error_logged               expect=false                          got=false
OK   F-3b           freeze_proven              expect=true                           got=true
OK   F-3b           d11_unchanged              expect=true                           got=true
OK   F-3b           sealed_0809_unchanged      expect=true                           got=true
OK   F-3b           result                     expect="dict"                         got="dict"
OK   F-3c           freeze_proven              expect=true                           got=true
OK   F-3c           d11_unchanged              expect=true                           got=true
OK   F-3c           sealed_0809_unchanged      expect=true                           got=true
OK   F-3c           http_status                expect=200                            got=200
OK   F-3c           error_logged               expect=false                          got=false
OK   F-3d           freeze_proven              expect=true                           got=true
OK   F-3d           d11_unchanged              expect=true                           got=true
OK   F-3d           sealed_0809_unchanged      expect=true                           got=true
OK   F-3d           returned                   expect="None"                         got="None"
OK   F-3d           night_audit_logs_created   expect=0                              got=0
OK   F-3d           error_logged               expect=false                          got=false
OK   N-3-AHEAD      freeze_proven              expect=true                           got=true
OK   N-3-AHEAD      d11_unchanged              expect=true                           got=true
OK   N-3-AHEAD      sealed_0809_unchanged      expect=true                           got=true
FAIL N-3-AHEAD      row_dates                  expect=["2026-10-02"]                 got=["2026-10-02", "2026-10-03"]
OK   N-3-AHEAD      inv_b01_after              expect="VIOLATED"                     got="VIOLATED"
OK   N-3-AHEAD      inv_b03_unchanged          expect=true                           got=true
OK   N-3-AHEAD      any_row_in_sealed_day      expect=true                           got=true
OK   S-ALL          freeze_proven              expect=true                           got=true
OK   S-ALL          d11_unchanged              expect=true                           got=true
OK   S-ALL          sealed_0809_unchanged      expect=true                           got=true
OK   S-ALL          inv_b04_before             expect="HOLDS"                        got="HOLDS"
OK   S-ALL          inv_b04_after              expect="VIOLATED"                     got="VIOLATED"
OK   S-ALL          n2_new_rows_all_on_bd      expect=false                          got=false
OK   DDL-1          freeze_proven              expect=true                           got=true
OK   DDL-1          d11_unchanged              expect=true                           got=true
OK   DDL-1          sealed_0809_unchanged      expect=true                           got=true
OK   DDL-1          ddl_defaults_absent        expect=true                           got=true
OK   DDL-2          freeze_proven              expect=true                           got=true
OK   DDL-2          d11_unchanged              expect=true                           got=true
OK   DDL-2          sealed_0809_unchanged      expect=true                           got=true
OK   DDL-2          ddl_default_present        expect=true                           got=true
OK   DDL-2          issued_date                expect="2026-10-02"                   got="2026-10-02"
OK   S-ALL-UTC      freeze_proven              expect=true                           got=true
OK   S-ALL-UTC      d11_unchanged              expect=true                           got=true
OK   S-ALL-UTC      sealed_0809_unchanged      expect=true                           got=true
OK   S-ALL-UTC      inv_b04_after              expect="VIOLATED"                     got="VIOLATED"
OK   S-ALL-UTC      n2_new_rows_all_on_bd      expect=false                          got=false
OK   S-TL           freeze_proven              expect=true                           got=true
OK   S-TL           d11_unchanged              expect=true                           got=true
OK   S-TL           sealed_0809_unchanged      expect=true                           got=true
OK   S-TL           w17_w20_charges            expect=2                              got=2
OK   S-TL           tax_lines_follow_row_date  expect=true                           got=true
OK   S-TL           tax_line_dates             expect=["2026-10-02"]                 got=["2026-10-02"]
OK   PROD           production pms.db unchanged expect="21dc0e970caf261fd38e1ccc9f8d4ca8c88a07ff8161cf22d63465203953e434" got="21dc0e970caf261fd38e1ccc9f8d4ca8c88a07ff8161cf22d63465203953e434"
K7 red_base_d21eb50: 173/174 assertions as registered
