[sr1] worktree C:\wtsr1base  label red_control_28e6b63  production 21dc0e970caf261f
OK   P-00   unseeded production copy                                                   expect=HOLDS                    got=HOLDS                    flagged=[]
OK   N-1    registered negative seed applied to a production copy                      expect=VIOLATED                 got=VIOLATED                 seed=UPDATE payments SET payment_date = DATE(payment_date, '-400 day') WHERE id = (SE flagged=[1]
FAIL P-1    advance at booking, 20 days before arrival                                 expect=('HOLDS', [])            got=('VIOLATED', [7])        
OK   P-2    advance at booking, 400 days before arrival (DQ-01: beyond 30 days)        expect=('VIOLATED', [7])        got=('VIOLATED', [7])        
OK   P-3    booking-time voucher application (purpose settlement), 20 days before arri expect=('VIOLATED', [7])        got=('VIOLATED', [7])        
FAIL P-4    correction pair of a valid advance, posted 10 days before arrival          expect=('HOLDS', [])            got=('VIOLATED', [7, 8, 9])  
FAIL P-5    cancellation refund (SR2-REV2 lineage) of a valid advance                  expect=('HOLDS', [])            got=('VIOLATED', [7, 8])     
OK   P-6    settlement inside the stay                                                 expect=('HOLDS', [])            got=('HOLDS', [])            
OK   P-7    credit recovery 10 days after departure                                    expect=('HOLDS', [])            got=('HOLDS', [])            
OK   N-2    settlement 5 days before arrival (non-exempt pre-arrival)                  expect=('VIOLATED', [7])        got=('VIOLATED', [7])        
OK   N-3    advance 31 days after departure (post-departure)                           expect=('VIOLATED', [7])        got=('VIOLATED', [7])        
OK   N-4    advance 31 days before arrival (one day beyond the window)                 expect=('VIOLATED', [7])        got=('VIOLATED', [7])        
FAIL N-5    refund with no cancellation lineage, 5 days before arrival                 expect=('VIOLATED', [8])        got=('VIOLATED', [7, 8])     
OK   N-6    stale-business-date check-in deposit (NULL purpose), 53 days before arriva expect=('VIOLATED', [7])        got=('VIOLATED', [7])        
FAIL S-01   advance exactly 30 days before arrival (inclusive boundary)                expect=('HOLDS', [])            got=('VIOLATED', [7])        
OK   S-02   settlement 31 days after departure (invalid post-departure)                expect=('VIOLATED', [7])        got=('VIOLATED', [7])        
OK   S-03   settlement exactly 30 days after departure (tail boundary)                 expect=('HOLDS', [])            got=('HOLDS', [])            
OK   S-04   correction pair whose original advance is 45 days before arrival           expect=('VIOLATED', [7, 8, 9])  got=('VIOLATED', [7, 8, 9])  
OK   S-05   cancellation refund whose only advance is 45 days before arrival           expect=('VIOLATED', [7, 8])     got=('VIOLATED', [7, 8])     
FAIL S-06   cancellation refund drawn from one valid and one out-of-window advance     expect=('VIOLATED', [8, 9])     got=('VIOLATED', [7, 8, 9])  
FAIL S-07   correction of a valid settlement posted 45 days after departure (verdict,  expect=('HOLDS', [])            got=('VIOLATED', [8, 9])     
OK   S-08   correction of a correction whose root advance is 45 days before arrival    expect=('VIOLATED', [7, 8, 9, 1 got=('VIOLATED', [7, 8, 9, 1 
FAIL S-09   correction of a valid advance dated 400 days before arrival (own date unch expect=('HOLDS', [])            got=('VIOLATED', [7, 8, 9])  
OK   S-10   correction naming a missing original, 5 days before arrival (no origin: ow expect=('VIOLATED', [7])        got=('VIOLATED', [7])        
FAIL S-11   cancellation refund whose only advance is voided (no origin: own date, bef expect=('VIOLATED', [8])        got=('VIOLATED', [7, 8])     
OK   S-12   S-04 evaluated for the correction's business date only (origin out of scop expect=('VIOLATED', [8, 9])     got=('VIOLATED', [8, 9])     
FAIL APP    real writers: refund of a 20-day advance; correction of a past stay posted expect=('HOLDS', [])            got=('VIOLATED', [7, 8, 10,  {"today": "2026-10-02", "app1_advance": [7, "2026-10-02"], "app1_refund": [8, "2026-10-02"], "app2_s
OK   PROD   production pms.db unchanged across the run                                 expect=21dc0e970caf261fd38e1ccc got=21dc0e970caf261fd38e1ccc 
SR1 red_control_28e6b63: 18/28
